[
  {
    "id": "@integer@",
    "title": "@string@",
    "slug": "@string@",
    "isDisabled": "@boolean@"
  },
  "@...@"
]
