{
  "items": [
    {
      "title": "@string@",
      "id": "@integer@"
    },
    "@...@"
  ],
  "metadata": {
    "ogTitle": "@string@",
    "ogDescription": "@string@",
    "ogType": "@string@",
    "ogSiteName": "@string@",
    "ogLocale": "@string@",
    "ogImage": "@string@.isUrl()",
    "ogImageType": "@string@",
    "ogImageHeight": "@integer@",
    "ogImageWidth": "@integer@",
    "googleDescription": "@string@"
  }
}
