{
  "id": "@integer@",
  "title": "@string@",
  "content": "@string@"
}
